// Jest Snapshot v1, https://goo.gl/fbAQLP

exports[`Typography Component matches snapshot 1`] = `
<span
  class="css-1edki26"
>
  Hello
</span>
`;
